
> frontend@0.0.0 build
> tsc -b && vite build

src/App.tsx(71,64): error TS2339: Property 'net_roi_30d' does not exist on type 'never'.
src/App.tsx(75,48): error TS2339: Property 'total_debt' does not exist on type 'never'.
src/components/DebtTrendChart.tsx(71,15): error TS2322: Type '(value: number) => [string, string]' is not assignable to type 'Formatter<ValueType, NameType> & ((value: ValueType, name: NameType, item: TooltipPayloadEntry, index: number, payload: TooltipPayload) => ReactNode | [...])'.
  Type '(value: number) => [string, string]' is not assignable to type 'Formatter<ValueType, NameType>'.
    Types of parameters 'value' and 'value' are incompatible.
      Type 'ValueType | undefined' is not assignable to type 'number'.
        Type 'undefined' is not assignable to type 'number'.
src/components/MetricCard.tsx(1,10): error TS1484: 'ReactNode' is a type and must be imported using a type-only import when 'verbatimModuleSyntax' is enabled.
